6
0
1 3
1 2 3 4
. . . .
0
6 4
13 73 11 15 24
5 19 99 11 25
8 5 1 2 3
47 78 88 65 6
7 15 23 42 56
9 12 34 21 18
4 8 16 32 .
0
5 3
1 1 1 2
1 . 2 .
2 2 2 4
4 . 3 .
3 3 3 6
10 3 9 .
0
3 5
2 . 1 . 4 .
3 . 2 . 1 .
4 2 3 2 2 10
7 . 3 . 3 .
0
3 4
7 7 7 7 7
7 7 7 7 7
7 7 7 7 7
7 7 7 7 .
0
2 5
1 3 4 3 1 9
1 3 5 2 1 10
. 3 . . 1 .
