4
54
2 2
3 1 4
5 . .
. 1 .
21
5 5
7 7 7 7 7 7
7 7 7 7 7 7
7 7 7 7 7 7
7 7 7 7 7 7
7 7 7 7 7 7
7 7 7 7 7 .
5
8 8
1 8 . 4 4 8 7 2 24
1 1 . . 5 3 3 6 15
3 2 7 4 1 . 3 5 14
9 6 2 4 2 1 3 9 12
. 4 1 0 9 9 . 3 14
9 3 . 2 8 9 7 9 17
3 8 2 2 1 5 6 4 14
8 4 7 . 4 . 7 6 18
1 20 12 12 21 26 25 11 .
7
5 8
1 2 3 . 1 2 . 3 12
. 1 2 3 1 2 1 . 10
2 . 3 1 2 . 2 1 11
3 1 . 2 1 3 2 . 12
2 . 1 3 . 2 1 2 11
8 5 9 9 4 9 6 6 .
