3
0
4 4
1 2 . 3 6
. 1 2 1 4
3 3 1 2 6
2 . 1 . 3
5 4 3 5 .
0
5 8
1 2 3 . 1 2 . 3 12
. 1 2 3 1 2 1 . 10
2 . 3 1 2 . 2 1 11
3 1 . 2 1 3 2 . 12
2 . 1 3 . 2 1 2 11
8 5 9 9 4 9 6 6 .
0
3 6
X5 4 7 10 9 17 0
22 1 1 13 X20 2 0
54 6 X14 15 1 0 0
0 0 0 0 0 0 .
